// Jest Snapshot v1, https://goo.gl/fbAQLP

exports[`Task View Should render a login view with singin and login buttons 1`] = `
<div>
  <div
    class="sc-ttuAC AwUrF"
  >
    <div
      class="sc-bubcaR iMGQOM"
      is_mobile="false"
    >
      <div>
        Loading...
      </div>
      <div>
        Loading...
      </div>
      <div>
        Loading...
      </div>
      <div>
        Loading...
      </div>
    </div>
  </div>
</div>
`;
