// Jest Snapshot v1, https://goo.gl/fbAQLP

exports[`Task View Should render a login view with singin and login buttons 1`] = `
<div>
  <div
    class="sc-eJgwjL hwSBjP"
  >
    <div
      class="sc-epPVmt gXroYB"
      is_mobile="false"
    >
      <div
        class="sc-czgmHJ vosfd"
        data-cy="spinner-container"
      >
        <img
          alt="spinner"
          class="sc-tOkKi gUQCFu"
        />
      </div>
      <div
        class="sc-czgmHJ vosfd"
        data-cy="spinner-container"
      >
        <img
          alt="spinner"
          class="sc-tOkKi gUQCFu"
        />
      </div>
      <div
        class="sc-czgmHJ vosfd"
        data-cy="spinner-container"
      >
        <img
          alt="spinner"
          class="sc-tOkKi gUQCFu"
        />
      </div>
      <div
        class="sc-czgmHJ vosfd"
        data-cy="spinner-container"
      >
        <img
          alt="spinner"
          class="sc-tOkKi gUQCFu"
        />
      </div>
    </div>
  </div>
</div>
`;
