// Jest Snapshot v1, https://goo.gl/fbAQLP

exports[`Error View Should render an Error view  1`] = `
<div>
  <div
    class="sc-hfDuwB fXIcpB"
    data-cy="Card-Contents"
    is_center="true"
    padding="true"
  >
    <span
      class="sc-bXxmBy cxsGLJ"
      data-cy="Error-view-title"
    >
      Something went wrong!
    </span>
    <span
      class="sc-kPNBzt dfMioF"
      data-cy="Error-view-message"
    />
    <div
      class="sc-jCIOXC cBnJyG"
      data-cy="button-gtd"
    >
      <span
        class="sc-fBEEOr kOYpqx"
        data-cy="button-text"
      >
        OK
      </span>
    </div>
  </div>
</div>
`;
