// Jest Snapshot v1, https://goo.gl/fbAQLP

exports[`Error View Should render an Error view  1`] = `
<div>
  <div
    class="sc-dsLQwm ehlGIL"
  >
    <div
      class="sc-iKTcqh iCNJAu"
    >
      <div
        class="sc-braxZu bzYKie"
        data-cy="Card-Contents"
        is_center="true"
        padding="true"
      >
        <span
          class="sc-la-DxNn kUqJKy"
          data-cy="Error-view-title"
        >
          Something went wrong!
        </span>
        <span
          class="sc-gnpbhQ ksXoUd"
          data-cy="Error-view-message"
        />
        <div
          class="sc-gJhJTp QnPUY"
          data-cy="button-OK"
          data-testid="button-OK"
        >
          <span
            class="sc-elDIKY eIxNWV"
            data-cy="button-text"
          >
            OK
          </span>
        </div>
      </div>
    </div>
  </div>
</div>
`;
