// Jest Snapshot v1, https://goo.gl/fbAQLP

exports[`Login View Should render a login view with singin and login buttons 1`] = `
<div>
  <div
    class="sc-hfDuwB wnNtd"
  >
    <div
      class="sc-jCDGFz gpOrBF"
    >
      <div
        class="sc-dBwcjI dwHRBD"
      >
        <div
          class="sc-kPNBzt kfRNst"
          data-cy="Avatar-photo"
          imageurl="https://i.stack.imgur.com/Dj7eP.jpg"
        />
        <div
          class="sc-jCIOXC hLtUsb"
        >
          <div
            class="sc-fBEEOr fKCOYR"
            data-cy="Card-Contents"
          >
            <div
              class="sc-bXxmBy bSIEXq"
              data-cy="User-Card-Header"
            >
              <div
                class="sc-dMnqAs cAOBYD"
              >
                <div
                  class="sc-jlOLRj jEvdST"
                >
                  <span
                    class="sc-laEPQd hnPnfI"
                    data-cy="Card-title"
                  >
                    Getting Things Done
                  </span>
                </div>
              </div>
              <span
                class="sc-eErDDp WdbYy"
                data-cy="Card-SubTitle"
              >
                Hi Agustin Allamano Costa !
              </span>
            </div>
          </div>
        </div>
      </div>
      <div
        class="sc-hDqSpx fFJASH"
      >
        <div
          class="sc-jCIOXC hLtUsb"
        >
          <div
            class="sc-fBEEOr eFWqUg"
            data-cy="Card-Contents"
          >
            <div
              class="sc-bWPEIA hEwZMM"
            >
              <span
                class="sc-hdxXtv immkOM"
                data-cy="Card-title"
              >
                Active Task
              </span>
              <span
                class="sc-hdxXtv immkOM"
                data-cy="Card-label"
              >
                3/3
              </span>
            </div>
            <div
              class="sc-cYUugm cwkKjB"
              data-cy="Active-task-container"
            >
              <div
                class="sc-ZHFQk cMEHNQ"
              >
                <div
                  class="sc-hbwYeq bZrtFF"
                >
                  <div
                    class="sc-kbUMEY kuUybK"
                  >
                    <span
                      class="sc-bubcaR dTGQLW"
                      data-cy="stick-note-text"
                    >
                      SOME TASK
                    </span>
                  </div>
                  <div
                    class="sc-cpKBeH epmimb"
                  />
                </div>
              </div>
              <div
                class="sc-ZHFQk cMEHNQ"
              >
                <div
                  class="sc-hbwYeq bZrtFF"
                >
                  <div
                    class="sc-kbUMEY kuUybK"
                  >
                    <span
                      class="sc-bubcaR dTGQLW"
                      data-cy="stick-note-text"
                    >
                      SOME TASK
                    </span>
                  </div>
                  <div
                    class="sc-cpKBeH epmimb"
                  />
                </div>
              </div>
              <div
                class="sc-ZHFQk cMEHNQ"
              >
                <div
                  class="sc-hbwYeq bZrtFF"
                >
                  <div
                    class="sc-kbUMEY kuUybK"
                  >
                    <span
                      class="sc-bubcaR dTGQLW"
                      data-cy="stick-note-text"
                    >
                      SOME TASK
                    </span>
                  </div>
                  <div
                    class="sc-cpKBeH epmimb"
                  />
                </div>
              </div>
            </div>
          </div>
        </div>
      </div>
      <div
        class="sc-jCIOXC hLtUsb"
      >
        <div
          class="sc-fBEEOr eFWqUg"
          data-cy="Card-Contents"
        >
          <div
            class="sc-bWPEIA hEwZMM"
          >
            <span
              class="sc-hdxXtv immkOM"
              data-cy="Card-title"
            >
              Task Inbox
            </span>
            <span
              class="sc-hdxXtv immkOM"
              data-cy="Card-label"
            >
              total 0
            </span>
          </div>
          <div
            class="sc-evVYyG sc-BOZFl dMVVvn kNpJbF"
            data-cy="task-add-button"
          >
            <svg
              aria-hidden="true"
              class="svg-inline--fa fa-plus sc-ttuAC jVXlpn"
              data-icon="plus"
              data-prefix="fas"
              focusable="false"
              role="img"
              viewBox="0 0 448 512"
              xmlns="http://www.w3.org/2000/svg"
            >
              <path
                d="M256 80c0-17.7-14.3-32-32-32s-32 14.3-32 32V224H48c-17.7 0-32 14.3-32 32s14.3 32 32 32H192V432c0 17.7 14.3 32 32 32s32-14.3 32-32V288H400c17.7 0 32-14.3 32-32s-14.3-32-32-32H256V80z"
                fill="currentColor"
              />
            </svg>
            <input
              class="sc-daVtvr dDNvNj"
              data-cy="task-add-button-input"
              placeholder="Add Task"
              value=""
            />
          </div>
        </div>
      </div>
    </div>
  </div>
</div>
`;
