// Jest Snapshot v1, https://goo.gl/fbAQLP

exports[`Login View Should render a login view with singin and login buttons 1`] = `
<div>
  <div
    class="sc-hfDuwB wnNtd"
  >
    <div
      class="sc-evVYyG kpwDim"
    >
      <div
        class="sc-laEPQd gtuaqv"
      >
        <div
          class="sc-eErDDp ibnyDm"
          data-cy="Avatar-photo"
          imageurl="https://i.stack.imgur.com/Dj7eP.jpg"
        />
        <div
          class="sc-jCIOXC czNoOr"
        >
          <div
            class="sc-fBEEOr pgVYt"
            data-cy="Card-Header"
          >
            <div
              class="sc-kPNBzt eRemWO"
            >
              <div
                class="sc-dBwcjI iBVcLN"
              >
                <span
                  class="sc-bXxmBy aiOYN"
                  data-cy="Card-title"
                >
                  Getting Things Done
                </span>
              </div>
            </div>
            <span
              class="sc-jlOLRj fqEeBZ"
              data-cy="Card-SubTitle"
            >
              Agustin Allamano Costa
            </span>
          </div>
          <div
            class="sc-dMnqAs eebQHq"
            data-cy="Card-Contents"
          />
        </div>
      </div>
      <div
        class="sc-jCIOXC czNoOr"
      >
        <div
          class="sc-fBEEOr pgVYt"
          data-cy="Card-Header"
        >
          <div
            class="sc-kPNBzt ljWCMB"
          >
            <div
              class="sc-dBwcjI cxRRnt"
            >
              <span
                class="sc-bXxmBy aiOYN"
                data-cy="Card-title"
              >
                Active Task
              </span>
            </div>
            <span>
              0
              /
              0
            </span>
          </div>
        </div>
        <div
          class="sc-dMnqAs eebQHq"
          data-cy="Card-Contents"
        >
          <div
            class="sc-BOZFl kGXeoO"
          />
        </div>
      </div>
      <div
        class="sc-jCIOXC czNoOr"
      >
        <div
          class="sc-fBEEOr pgVYt"
          data-cy="Card-Header"
        >
          <div
            class="sc-kPNBzt ljWCMB"
          >
            <div
              class="sc-dBwcjI cxRRnt"
            />
          </div>
        </div>
        <div
          class="sc-dMnqAs eebQHq"
          data-cy="Card-Contents"
        />
      </div>
    </div>
  </div>
</div>
`;
