// Jest Snapshot v1, https://goo.gl/fbAQLP

exports[`Login View Should render a login view with singin and login buttons 1`] = `
<div>
  <div
    class="sc-hfDuwB wnNtd"
  >
    <div
      class="sc-jjIKjs brJxVP"
    >
      <div
        class="sc-dBwcjI bhYBxT"
      >
        <div
          class="sc-kPNBzt kfRNst"
          data-cy="Avatar-photo"
          imageurl="https://i.stack.imgur.com/Dj7eP.jpg"
        />
        <div
          class="sc-jCIOXC fNsQyj"
        >
          <div
            class="sc-fBEEOr fKCOYR"
            data-cy="Card-Contents"
          >
            <div
              class="sc-bXxmBy bSIEXq"
              data-cy="User-Card-Header"
            >
              <div
                class="sc-dMnqAs cAOBYD"
              >
                <div
                  class="sc-jlOLRj jEvdST"
                >
                  <span
                    class="sc-laEPQd hnPnfI"
                    data-cy="Card-title"
                  >
                    Getting Things Done
                  </span>
                </div>
              </div>
              <span
                class="sc-eErDDp WdbYy"
                data-cy="Card-SubTitle"
              >
                Hi Agustin Allamano Costa !
              </span>
            </div>
          </div>
        </div>
      </div>
      <div
        class="sc-jCIOXC fNsQyj"
      >
        <div
          class="sc-fBEEOr eFWqUg"
          data-cy="Card-Contents"
        >
          <div
            class="sc-evVYyG fEmtHa"
          >
            <span
              class="sc-BOZFl hhMcHb"
              data-cy="Card-title"
            >
              Active Task
            </span>
            <span
              class="sc-BOZFl hhMcHb"
              data-cy="Card-label"
            >
              0/0
            </span>
          </div>
          <div
            class="sc-daVtvr llnhRY"
          />
        </div>
      </div>
      <div
        class="sc-jCIOXC fNsQyj"
      >
        <div
          class="sc-fBEEOr eFWqUg"
          data-cy="Card-Contents"
        >
          <div
            class="sc-evVYyG fEmtHa"
          >
            <span
              class="sc-BOZFl hhMcHb"
              data-cy="Card-title"
            >
              Task Inbox
            </span>
            <span
              class="sc-BOZFl hhMcHb"
              data-cy="Card-label"
            />
          </div>
        </div>
      </div>
    </div>
  </div>
</div>
`;
