// Jest Snapshot v1, https://goo.gl/fbAQLP

exports[`Login View Should render a login view with singin and login buttons 1`] = `
<div>
  <div
    class="sc-gnpbhQ LWrqV"
  >
    <div
      class="sc-la-DxNn cpltan"
    >
      <div
        class="sc-fQpRED cnGfsE"
        data-cy="Card-Contents"
        is_center="true"
        padding="true"
      >
        <a
          class="sc-knesRu hiYDfw"
          data-cy="Login-Title"
          href="https://github.com/AgustinAllamanoCosta/GTDFront"
          target="_blank"
        >
          Get Things Done
        </a>
        <div
          class="sc-iCZwEW dNBtIl"
        >
          <div
            class="sc-dsLQwm bkHwKf"
          >
            <input
              class="sc-iKTcqh hrPuPp"
              data-cy="input-email"
              placeholder="Email"
              type="email"
            />
          </div>
          <div
            class="sc-dsLQwm bkHwKf"
          >
            <input
              class="sc-iKTcqh hrPuPp"
              data-cy="input-pass"
              placeholder="Password"
              type="password"
            />
          </div>
          <div
            class="sc-braxZu eaLJYF"
            data-cy="button-Login"
            data-testid="button-Login"
          >
            <span
              class="sc-gJhJTp jwgdgA"
              data-cy="button-text"
            >
              Login
            </span>
          </div>
        </div>
      </div>
    </div>
  </div>
</div>
`;
