// Jest Snapshot v1, https://goo.gl/fbAQLP

exports[`Login View Should render a login view with singin and login buttons 1`] = `
<div>
  <div
    class="sc-dBwcjI dCdbfO"
    data-cy="Card-Contents"
    is_center="true"
    padding="true"
  >
    <span
      class="sc-jlOLRj brXJtI"
      data-cy="Error-view-title"
    >
      Something went wrong!
    </span>
    <span
      class="sc-bXxmBy kpAIEI"
      data-cy="Error-view-message"
    />
    <div
      class="sc-hfDuwB iNQNqE"
      data-cy="button-gtd"
    >
      <span
        class="sc-jCIOXC cfyTgc"
        data-cy="button-text"
      >
        OK
      </span>
    </div>
  </div>
</div>
`;
