// Jest Snapshot v1, https://goo.gl/fbAQLP

exports[`Login View Should render a login view with singin and login buttons 1`] = `
<div>
  <div
    class="sc-kPNBzt hWCVUV"
  >
    <div
      class="sc-bXxmBy fAEwdg"
    >
      <div
        class="sc-dBwcjI fsysFb"
        data-cy="Card-Contents"
        is_center="true"
        padding="true"
      >
        <a
          class="sc-dMnqAs dOugPz"
          data-cy="Login-Title"
          href="https://github.com/AgustinAllamanoCosta/GTDFront"
          target="_blank"
        >
          Get Things Done
        </a>
        <div
          class="sc-jlOLRj jnZxFa"
        >
          <div
            class="sc-hfDuwB hZBRcw"
            data-cy="button-Login With Google"
          >
            <span
              class="sc-jCIOXC cfzUow"
              data-cy="button-text"
            >
              Login With Google
            </span>
          </div>
        </div>
      </div>
    </div>
  </div>
</div>
`;
